[olaelectricbookings.com/en/index.html]
[backblue.gif]
[fade.gif]
[index.html]
[cdn.olaelectric.com/ev-discovery-platform/favicon/stores/1/favicon.png]
[olaelectricbookings.com/en/public/front-end/plugins/bootstrap/bootstrap.min.css]
[olaelectricbookings.com/en/public/front-end/plugins/fontawesome/css/all.min.css]
[olaelectricbookings.com/en/public/front-end/plugins/animate-css/animate.css]
[olaelectricbookings.com/en/public/front-end/plugins/slick/slick.css]
[olaelectricbookings.com/en/public/front-end/plugins/slick/slick-theme.css]
[olaelectricbookings.com/en/public/front-end/plugins/colorbox/colorbox.css]
[olaelectricbookings.com/en/public/front-end/css/style.css]
[olaelectricbookings.com/en/public/front-end/images/ola-logo.svg]
[olaelectricbookings.com/en/booking-now.html]
[olaelectricbookings.com/en/application/status.html]
[olaelectricbookings.com/en/public/front-end/images/slider-main/homepage_banner_web_image_01_090923.webp]
[olaelectricbookings.com/en/public/front-end/images/slider-main/homepage_banner_3_web_14082023.webp]
[olaelectricbookings.com/en/public/front-end/images/slider-main/homepage_banner_2_web_14082023.webp]
[olaelectricbookings.com/en/public/front-end/images/slider-main/homepage_banner_bike_slide_web_v1.webp]
[olaelectricbookings.com/en/public/front-end/images/services/s1progen2_scooty_140823_v5.webp]
[olaelectricbookings.com/en/public/front-end/images/services/home_product_s1_pro_new_140823.svg]
[olaelectricbookings.com/en/public/front-end/images/services/s1progen2_new_label_image_140823.svg]
[olaelectricbookings.com/en/public/front-end/images/services/s1air_scooty_140823_v5.webp]
[olaelectricbookings.com/en/public/front-end/images/services/home_product_s1_air_logo_neon_140723.svg]
[olaelectricbookings.com/en/public/front-end/images/services/home_ipo_ola_s1_pro_web_271123.webp]
[olaelectricbookings.com/en/public/front-end/images/services/image-s1x.png]
[olaelectricbookings.com/en/public/front-end/images/services/home_ipo_ola_s1_air_web_271123.webp]
[olaelectricbookings.com/en/public/front-end/images/services/image-s1+.png]
[olaelectricbookings.com/en/public/front-end/images/services/home_ipo_ola_s1_x_web_271123.webp]
[olaelectricbookings.com/en/public/front-end/images/services/image-s1x (1).png]
[olaelectricbookings.com/en/public/front-end/images/ola-logo-13042023.svg]
[olaelectricbookings.com/en/about-us.html]
[olaelectricbookings.com/en/contact-us.html]
[olaelectricbookings.com/en/privacy-policy.html]
[olaelectricbookings.com/en/public/front-end/plugins/jQuery/jquery.min.js]
[olaelectricbookings.com/en/public/front-end/plugins/bootstrap/bootstrap.min.js]
[olaelectricbookings.com/en/public/front-end/plugins/slick/slick.min.js]
[olaelectricbookings.com/en/public/front-end/plugins/slick/slick-animation.min.js]
[olaelectricbookings.com/en/public/front-end/plugins/colorbox/jquery.colorbox.js]
[olaelectricbookings.com/en/public/front-end/plugins/shuffle/shuffle.min.js]
[olaelectricbookings.com/en/public/front-end/plugins/google-map/map.js]
[olaelectricbookings.com/en/public/front-end/js/script.js]
[olaelectricbookings.com/en/index.html]
[olaelectricbookings.com/en/public/front-end/plugins/bootstrap/bootstrap.min.css]
[cdn.chaty.app/pixel81b4.js]
[olaelectricbookings.com/en/public/front-end/plugins/fontawesome/webfonts/fa-brands-400.eot]
[olaelectricbookings.com/en/public/front-end/plugins/fontawesome/webfonts/fa-brands-400d41d.eot]
[olaelectricbookings.com/en/public/front-end/plugins/fontawesome/webfonts/fa-brands-400.woff2]
[olaelectricbookings.com/en/public/front-end/plugins/fontawesome/webfonts/fa-brands-400.woff]
[olaelectricbookings.com/en/public/front-end/plugins/fontawesome/webfonts/fa-brands-400.ttf]
[olaelectricbookings.com/en/public/front-end/plugins/fontawesome/webfonts/fa-brands-400.svg]
[olaelectricbookings.com/en/public/front-end/plugins/fontawesome/webfonts/fa-regular-400.eot]
[olaelectricbookings.com/en/public/front-end/plugins/fontawesome/webfonts/fa-regular-400d41d.eot]
[olaelectricbookings.com/en/public/front-end/plugins/fontawesome/webfonts/fa-regular-400.woff2]
[olaelectricbookings.com/en/public/front-end/plugins/fontawesome/webfonts/fa-regular-400.woff]
[olaelectricbookings.com/en/public/front-end/plugins/fontawesome/webfonts/fa-regular-400.ttf]
[olaelectricbookings.com/en/public/front-end/plugins/fontawesome/webfonts/fa-regular-400.svg]
[olaelectricbookings.com/en/public/front-end/plugins/fontawesome/webfonts/fa-solid-900.eot]
[olaelectricbookings.com/en/public/front-end/plugins/fontawesome/webfonts/fa-solid-900d41d.eot]
[olaelectricbookings.com/en/public/front-end/plugins/fontawesome/webfonts/fa-solid-900.woff2]
[olaelectricbookings.com/en/public/front-end/plugins/fontawesome/webfonts/fa-solid-900.woff]
[olaelectricbookings.com/en/public/front-end/plugins/fontawesome/webfonts/fa-solid-900.ttf]
[olaelectricbookings.com/en/public/front-end/plugins/fontawesome/css/all.min.css]
[olaelectricbookings.com/en/public/front-end/plugins/animate-css/animate.css]
[olaelectricbookings.com/en/public/front-end/plugins/slick/slick.css]
[olaelectricbookings.com/en/public/front-end/plugins/fontawesome/webfonts/fa-solid-900.svg]
[olaelectricbookings.com/en/public/front-end/plugins/slick/ajax-loader.gif]
[olaelectricbookings.com/en/public/front-end/plugins/slick/fonts/slick.eot]
[olaelectricbookings.com/en/public/front-end/plugins/slick/fonts/slickd41d.eot]
[olaelectricbookings.com/en/public/front-end/plugins/slick/fonts/slick.woff]
[olaelectricbookings.com/en/public/front-end/plugins/slick/fonts/slick.ttf]
[olaelectricbookings.com/en/public/front-end/plugins/slick/fonts/slick.svg]
[olaelectricbookings.com/en/public/front-end/plugins/slick/slick-theme.css]
[olaelectricbookings.com/en/public/front-end/plugins/images/loading.html]
[olaelectricbookings.com/en/public/front-end/plugins/colorbox/controls.png]
[olaelectricbookings.com/en/public/front-end/plugins/colorbox/colorbox.css]
[olaelectricbookings.com/en/public/front-end/images/preload.html]
[olaelectricbookings.com/en/public/front-end/images/crossword.png]
[olaelectricbookings.com/en/public/front-end/css/style.css]
[olaelectricbookings.com/en/public/front-end/images/ola-logo.svg]
[olaelectricbookings.com/en/public/front-end/images/projects/BuyingFloor_Lsilver_Final_02_0000.webp]
[olaelectricbookings.com/en/public/front-end/images/projects/BuyingFloor_Lsilver_Final_02_0001.webp]
[olaelectricbookings.com/en/public/front-end/images/projects/BuyingFloor_Lsilver_Final_02_0002.webp]
[olaelectricbookings.com/en/public/front-end/images/projects/BuyingFloor_Lsilver_Final_02_0003.webp]
[olaelectricbookings.com/en/public/front-end/images/projects/BuyingFloor_Lsilver_Final_02_0004.webp]
[olaelectricbookings.com/en/public/front-end/images/projects/BuyingFloor_Lsilver_Final_02_0005.webp]
[assets.olaelectric.com/olaelectric-videos/configs-static/assets/s1+pro+gen+colors/amitist.png]
[assets.olaelectric.com/olaelectric-videos/configs-static/assets/s1+pro+gen+colors/steller+blue.png]
[assets.olaelectric.com/olaelectric-videos/configs-static/assets/s1+pro+gen+colors/Rectangle+3643.png]
[assets.olaelectric.com/olaelectric-videos/scooter-color-images/jet_black_circle.png]
[assets.olaelectric.com/olaelectric-videos/scooter-color-images/midnight_blue_circle.png]
[olaelectricbookings.com/en/public/front-end/images/bikes/0.png]
[olaelectricbookings.com/en/public/front-end/images/bikes/1.png]
[olaelectricbookings.com/en/public/front-end/images/bikes/2.png]
[olaelectricbookings.com/en/public/front-end/images/bikes/5.png]
[olaelectricbookings.com/en/public/front-end/images/bikes/3.png]
[olaelectricbookings.com/en/public/front-end/images/bikes/4.png]
[olaelectricbookings.com/en/booking-now.html]
[olaelectricbookings.com/en/booking-form.html]
[olaelectricbookings.com/en/application/status.html]
[olaelectricbookings.com/en/public/front-end/images/services/home_product_s1_pro_new_140823.svg]
[olaelectricbookings.com/en/public/front-end/images/services/s1progen2_new_label_image_140823.svg]
[olaelectricbookings.com/en/public/front-end/images/services/home_product_s1_air_logo_neon_140723.svg]
[olaelectricbookings.com/en/public/front-end/images/ola-logo-13042023.svg]
[olaelectricbookings.com/en/about-us.html]
[olaelectricbookings.com/en/contact-us.html]
[olaelectricbookings.com/en/privacy-policy.html]
[olaelectricbookings.com/en/public/front-end/plugins/jQuery/jquery.min.js]
[olaelectricbookings.com/en/popper.html]
[olaelectricbookings.com/en/public/front-end/plugins/bootstrap/bootstrap.min.js]
[olaelectricbookings.com/en/public/front-end/plugins/slick/slick.min.js]
[olaelectricbookings.com/en/public/front-end/plugins/slick/slick-animation.min.js]
[olaelectricbookings.com/en/public/front-end/plugins/colorbox/jquery.colorbox.js]
[olaelectricbookings.com/en/public/front-end/plugins/shuffle/shuffle.min.js]
[olaelectricbookings.com/en/public/front-end/plugins/google-map/map.js]
[olaelectricbookings.com/en/public/front-end/js/script.js]
[olaelectricbookings.com/en/public/front-end/plugins/fontawesome/webfonts/fa-brands-400.svg]
[olaelectricbookings.com/en/public/front-end/plugins/fontawesome/webfonts/fa-regular-400.svg]
[olaelectricbookings.com/en/public/front-end/plugins/fontawesome/webfonts/fa-solid-900.svg]
[olaelectricbookings.com/en/public/front-end/plugins/slick/fonts/slick.svg]
[olaelectricbookings.com/en/public/public/back-end/css/core.html]
[olaelectricbookings.com/en/public/public/back-end/js/global.html]
[olaelectricbookings.com/en/public/front-end/plugins/images/loading.html]
[olaelectricbookings.com/en/public/front-end/images/preload.html]
[olaelectricbookings.com/en/public/front-end/images/parallax2.jpg]
[olaelectricbookings.com/en/booking-form.html]
[olaelectricbookings.com/en/popper.html]
[olaelectricbookings.com/en/public/public/back-end/css/core.html]
[olaelectricbookings.com/en/public/public/back-end/js/global.html]
[olaelectricbookings.com/en/public/back-end/css/core.css]
[olaelectricbookings.com/en/public/back-end/css/core.css]
[olaelectricbookings.com/en/public/back-end/js/global.js]
[olaelectricbookings.com/en/plugins.icon.html]
[olaelectricbookings.com/en/scheme.html]
[olaelectricbookings.com/en/src/dual-listbox.html]
[olaelectricbookings.com/en/node_modules/sortablejs/modular/sortable.esm.html]
[olaelectricbookings.com/en/public/back-end/js/global.js]
[olaelectricbookings.com/en/true.html]
[olaelectricbookings.com/en/true/index.html]
[olaelectricbookings.com/en/plugins.icon.html]
[olaelectricbookings.com/en/Trident.html]
[olaelectricbookings.com/en/Trident/index.html]
[olaelectricbookings.com/en/url/_ , base _.html]
[olaelectricbookings.com/en/url/_ , base _/index.html]
[olaelectricbookings.com/en/scheme.html]
[olaelectricbookings.com/en/blots.html]
[olaelectricbookings.com/en/blots/index.html]
[olaelectricbookings.com/en/formats.html]
[olaelectricbookings.com/en/formats/index.html]
[olaelectricbookings.com/en/image.html]
[olaelectricbookings.com/en/image/index.html]
[olaelectricbookings.com/en/src/dual-listbox.html]
[olaelectricbookings.com/en/node_modules/sortablejs/modular/sortable.esm.html]
[olaelectricbookings.com/en/Edge.html]
[olaelectricbookings.com/en/Edge/index.html]
[olaelectricbookings.com/en/true.html]
[olaelectricbookings.com/en/Trident.html]
[olaelectricbookings.com/en/url/_ , base _.html]
[olaelectricbookings.com/en/blots.html]
[olaelectricbookings.com/en/formats.html]
[olaelectricbookings.com/en/image.html]
[olaelectricbookings.com/en/Edge.html]
